src/App.tsx(2,42): error TS6133: 'CheckCircle2' is declared but its value is never read.
src/App.tsx(2,56): error TS6133: 'Circle' is declared but its value is never read.
src/App.tsx(20,19): error TS2339: Property 'getSession' does not exist on type 'Auth'.
src/App.tsx(24,54): error TS2339: Property 'onAuthStateChange' does not exist on type 'Auth'.
src/App.tsx(37,10): error TS2339: Property 'from' does not exist on type 'InsForgeClient'.
src/App.tsx(52,8): error TS2339: Property 'channel' does not exist on type 'InsForgeClient'.
src/App.tsx(60,38): error TS2339: Property 'channel' does not exist on type 'InsForgeClient'.
src/App.tsx(121,20): error TS2339: Property 'from' does not exist on type 'InsForgeClient'.
